// Vitest Snapshot v1, https://vitest.dev/guide/snapshot.html

exports[`ContactUs > Renders okay 1`] = `
<div>
  <form
    class="form"
    novalidate=""
  >
    <div>
      <div
        class="form-group"
      >
        <label
          for="name"
        >
          Your Name
        </label>
        <input
          id="name"
          type="text"
          value=""
        />
      </div>
      <div
        class="form-group"
      >
        <label
          for="email"
        >
          Your Email Address
        </label>
        <input
          id="email"
          type="text"
          value=""
        />
      </div>
      <div
        class="form-group"
      >
        <label
          for="urgency"
        >
          How Urgent Is a Response
        </label>
        <input
          id="urgency"
          type="number"
          value=""
        />
      </div>
      <div
        class="form-group"
      >
        <label
          for="reason"
        >
          Reason You Need to Contact Us
        </label>
        <select>
          <option
            value="Marking"
          >
            Marking
          </option>
          <option
            value="Support"
          >
            Support
          </option>
          <option
            value="Feedback"
          >
            Feedback
          </option>
          <option
            value="Jobs"
          >
            Jobs
          </option>
          <option
            value="Other"
          >
            Other
          </option>
        </select>
      </div>
      <div
        class="form-group"
      >
        <label
          for="notes"
        >
          Additional Notes
        </label>
        <textarea
          id="notes"
        />
      </div>
    </div>
    <div
      class="form-group"
    >
      <button
        type="submit"
      >
        Submit
      </button>
    </div>
  </form>
</div>
`;
